// Jest Snapshot v1, https://goo.gl/fbAQLP

exports[`test GifItem Debe dar ok en recibir url y title y hacer snapshot 1`] = `
<div>
  <div
    class="card"
  >
    <img
      alt="Hola como va"
      src="http://localhost/www.hola.com.ar"
    />
    <p>
      Hola como va
    </p>
  </div>
</div>
`;
